Warp 1.12.1 initialized:
   CUDA Toolkit 12.9, Driver 13.3
   Devices:
     "cpu"      : "CPU"
     "cuda:0"   : "NVIDIA GeForce RTX 5090" (31 GiB, sm_120, mempool enabled)
   Kernel cache:
     /home/dvv/.cache/warp/1.12.1
Warp DeprecationWarning: The symbol `warp.context.runtime` will soon be removed from the public API. It can still be accessed from `warp._src.context.runtime` but might be changed or removed without notice.
Module mujoco_warp._src.smooth f756680 load on device 'cuda:0' took 2.08 ms  (cached)
Module mujoco_warp._src.collision_driver 4d8b905 load on device 'cuda:0' took 0.24 ms  (cached)
Module _nxn_broadphase__locals__kernel_e916423b e916423 load on device 'cuda:0' took 0.24 ms  (cached)
Module _primitive_narrowphase__locals__primitive_narrowphase_8ced4082 8ced408 load on device 'cuda:0' took 0.49 ms  (cached)
Module mujoco_warp._src.constraint 63c97cb load on device 'cuda:0' took 1.59 ms  (cached)
Module mujoco_warp._src.sensor 912ac95 load on device 'cuda:0' took 1.97 ms  (cached)
Module mujoco_warp._src.forward 7114b3d load on device 'cuda:0' took 0.86 ms  (cached)
Module mujoco_warp._src.passive 7fb8524 load on device 'cuda:0' took 0.56 ms  (cached)
Module mujoco_warp._src.forward 5a5c0b5 load on device 'cuda:0' took 1.09 ms  (cached)
Module mujoco_warp._src.support 343d1ae load on device 'cuda:0' took 0.27 ms  (cached)
Module _tile_cholesky_factorize_solve__locals__cholesky_factorize_solve_886404d2 159512a load on device 'cuda:0' took 20.73 ms  (cached)
Module mujoco_warp._src.solver eaac975 load on device 'cuda:0' took 1.13 ms  (cached)
Module solve_init_jaref__locals__kernel_314bd857 314bd85 load on device 'cuda:0' took 0.26 ms  (cached)
Module mul_m_dense__locals___mul_m_dense_c372b8a5 c372b8a load on device 'cuda:0' took 0.25 ms  (cached)
Module update_constraint_efc__locals__kernel_84abb40b 84abb40 load on device 'cuda:0' took 0.27 ms  (cached)
Module update_constraint_gauss_cost__locals__kernel_ef360293 ef36029 load on device 'cuda:0' took 0.28 ms  (cached)
Module update_gradient_JTDAJ_dense_tiled__locals__kernel_2e5af601 a34ca0f load on device 'cuda:0' took 0.49 ms  (cached)
Module update_gradient_cholesky__locals__kernel_10e97a41 ebdd544 load on device 'cuda:0' took 21.07 ms  (cached)
Module linesearch_jv_fused__locals__kernel_171b5723 171b572 load on device 'cuda:0' took 0.29 ms  (cached)
Module linesearch_prepare_gauss__locals__kernel_7bbb5979 7bbb597 load on device 'cuda:0' took 0.29 ms  (cached)
Module update_constraint_efc__locals__kernel_19805a28 19805a2 load on device 'cuda:0' took 0.27 ms  (cached)
Module _contact_sort__locals__contact_sort_c2bd81ce 47863e6 load on device 'cuda:0' took 0.26 ms  (cached)
Module mujoco_warp._src.derivative 9dcaac1 load on device 'cuda:0' took 0.44 ms  (cached)
Module reset_data__locals__reset_xfrc_applied_f86f0829 f86f082 load on device 'cuda:0' took 0.24 ms  (cached)
Module reset_data__locals__reset_qM_1511185b 1511185 load on device 'cuda:0' took 0.21 ms  (cached)
Module reset_data__locals__reset_mocap_841cb68f 841cb68 load on device 'cuda:0' took 0.22 ms  (cached)
Module reset_data__locals__reset_contact_76c1c25e 76c1c25 load on device 'cuda:0' took 0.21 ms  (cached)
Module reset_data__locals__reset_nworld_d108b6ac d108b6a load on device 'cuda:0' took 0.34 ms  (cached)

+---------------------------------+
|         Base Environment        |
+------------------------+--------+
| Property               | Value  |
+------------------------+--------+
| Number of environments | 32     |
| Environment device     | cuda:0 |
| Environment seed       | None   |
| Physics step-size      | 0.002  |
| Environment step-size  | 0.02   |
+------------------------+--------+

[INFO] <EventManager> contains 3 active terms.
+-------------------------------------+
| Active Event Terms in Mode: 'reset' |
+--------+----------------------------+
| Index  | Name                       |
+--------+----------------------------+
|   0    | reset_base                 |
|   1    | reset_robot_joints         |
+--------+----------------------------+
+---------------------------------------+
| Active Event Terms in Mode: 'startup' |
+---------+-----------------------------+
|  Index  | Name                        |
+---------+-----------------------------+
|    0    | foot_friction               |
|    1    | encoder_bias                |
|    2    | base_com                    |
|    3    | actuator_strength           |
+---------+-----------------------------+
+------------------------------------+
| Active Event Terms in Mode: 'step' |
+--------+---------------------------+
| Index  | Name                      |
+--------+---------------------------+
|   0    | torque_speed_clamp        |
+--------+---------------------------+
+-----------------------------+
| Domain Randomization Fields |
+-------+---------------------+
| Index | Field Name          |
+-------+---------------------+
|   0   | geom_friction       |
|   1   | body_ipos           |
|   2   | body_subtreemass    |
|   3   | dof_invweight0      |
|   4   | body_invweight0     |
|   5   | tendon_length0      |
|   6   | tendon_invweight0   |
|   7   | actuator_gainprm    |
|   8   | actuator_biasprm    |
|   9   | actuator_forcerange |
+-------+---------------------+

Module repeat_array_kernel_39317a34 b712927 load on device 'cuda:0' took 0.32 ms  (cached)
Module repeat_array_kernel_39317a34 b699bd8 load on device 'cuda:0' took 0.30 ms  (cached)
Module repeat_array_kernel_39317a34 363ede1 load on device 'cuda:0' took 0.39 ms  (cached)
Module repeat_array_kernel_39317a34 aecf9a8 load on device 'cuda:0' took 0.36 ms  (cached)
[INFO] <CommandManager> contains 1 active terms.
+----------------------------------------+
|          Active Command Terms          |
+-------+-------+------------------------+
| Index | Name  |          Type          |
+-------+-------+------------------------+
|   0   | twist | UniformVelocityCommand |
+-------+-------+------------------------+

[INFO] <ActionManager> contains 1 active terms.
+---------------------------------+
| Active Action Terms (shape: 12) |
+-------+-----------+-------------+
| Index | Name      |   Dimension |
+-------+-----------+-------------+
|   0   | joint_pos |          12 |
+-------+-----------+-------------+

[INFO] <ObservationManager> contains 2 groups.
+------------------------------------------------------------+
| Active Observation Terms in Group: 'actor' (shape: (245,)) |
+--------+-------------------------+-------------------------+
| Index  | Name                    |          Shape          |
+--------+-------------------------+-------------------------+
|   0    | base_ang_vel            |     (15,)  ← 5×(3,)     |
|   1    | projected_gravity       |     (15,)  ← 5×(3,)     |
|   2    | command                 |     (25,)  ← 5×(5,)     |
|   3    | phase                   |     (10,)  ← 5×(2,)     |
|   4    | joint_pos               |     (60,)  ← 5×(12,)    |
|   5    | joint_vel               |     (60,)  ← 5×(12,)    |
|   6    | actions                 |     (60,)  ← 5×(12,)    |
+--------+-------------------------+-------------------------+
+------------------------------------------------------------+
| Active Observation Terms in Group: 'critic' (shape: (76,)) |
+--------+--------------------------+------------------------+
| Index  | Name                     |         Shape          |
+--------+--------------------------+------------------------+
|   0    | base_ang_vel             |     (3,)  ← 1×(3,)     |
|   1    | projected_gravity        |     (3,)  ← 1×(3,)     |
|   2    | command                  |     (5,)  ← 1×(5,)     |
|   3    | phase                    |     (2,)  ← 1×(2,)     |
|   4    | joint_pos                |    (12,)  ← 1×(12,)    |
|   5    | joint_vel                |    (12,)  ← 1×(12,)    |
|   6    | actions                  |    (12,)  ← 1×(12,)    |
|   7    | base_lin_vel             |     (3,)  ← 1×(3,)     |
|   8    | foot_height              |     (4,)  ← 1×(4,)     |
|   9    | foot_air_time            |     (4,)  ← 1×(4,)     |
|   10   | foot_contact             |     (4,)  ← 1×(4,)     |
|   11   | foot_contact_forces      |    (12,)  ← 1×(12,)    |
+--------+--------------------------+------------------------+

[INFO] <TerminationManager> contains 3 active terms.
+------------------------------------+
|      Active Termination Terms      |
+-------+-----------------+----------+
| Index | Name            | Time Out |
+-------+-----------------+----------+
|   0   | time_out        |   True   |
|   1   | fell_over       |  False   |
|   2   | illegal_contact |  False   |
+-------+-----------------+----------+

[INFO] <RewardManager> contains 20 active terms.
+-------------------------------------------+
|            Active Reward Terms            |
+-------+------------------------+----------+
| Index | Name                   |   Weight |
+-------+------------------------+----------+
|   0   | track_linear_velocity  |      1.5 |
|   1   | track_angular_velocity |      1.5 |
|   2   | body_orientation_l2    |     -1.0 |
|   3   | pose                   |      1.0 |
|   4   | body_ang_vel           |    -0.08 |
|   5   | angular_momentum       |    -0.03 |
|   6   | is_terminated          |   -200.0 |
|   7   | joint_acc_l2           | -2.5e-07 |
|   8   | joint_pos_limits       |    -10.0 |
|   9   | action_rate_l2         |     -0.5 |
|   10  | foot_gait              |      0.7 |
|   11  | foot_clearance         |       -3 |
|   12  | foot_slip              |    -0.15 |
|   13  | soft_landing           |   -0.001 |
|   14  | stand_still            |     -1.0 |
|   15  | track_yaw_zero         |      0.5 |
|   16  | nonfoot_contact        |       -3 |
|   17  | track_body_pitch       |      1.0 |
|   18  | track_base_height      |      1.0 |
|   19  | track_lateral_velocity |      0.5 |
+-------+------------------------+----------+

[INFO] <NullCurriculumManager> (inactive)
[INFO] <MetricsManager> contains 1 active terms.
+-------------------------+
|   Active Metrics Terms  |
+-------+-----------------+
| Index | Name            |
+-------+-----------------+
|   0   | mean_action_acc |
+-------+-----------------+

Module mujoco_warp._src.io ad190f3 load on device 'cuda:0' took 1.61 ms  (cached)
Module _tile_cholesky_factorize__locals__cholesky_factorize_bd98e5db 78076c6 load on device 'cuda:0' took 15.06 ms  (cached)
Module _tile_cholesky_solve__locals__cholesky_solve_7bd08b0a 54b9810 load on device 'cuda:0' took 14.74 ms  (cached)
--------------------------------------------------------------------------------
Resolved observation sets: 
	 actor :  ('actor',)
	 critic :  ('critic',)
--------------------------------------------------------------------------------
Actor Model: MLPModel(
  (obs_normalizer): EmpiricalNormalization()
  (distribution): GaussianDistribution()
  (mlp): MLP(
    (0): Linear(in_features=245, out_features=512, bias=True)
    (1): ELU(alpha=1.0)
    (2): Linear(in_features=512, out_features=256, bias=True)
    (3): ELU(alpha=1.0)
    (4): Linear(in_features=256, out_features=128, bias=True)
    (5): ELU(alpha=1.0)
    (6): Linear(in_features=128, out_features=12, bias=True)
  )
)
Critic Model: MLPModel(
  (obs_normalizer): EmpiricalNormalization()
  (mlp): MLP(
    (0): Linear(in_features=76, out_features=512, bias=True)
    (1): ELU(alpha=1.0)
    (2): Linear(in_features=512, out_features=256, bias=True)
    (3): ELU(alpha=1.0)
    (4): Linear(in_features=256, out_features=128, bias=True)
    (5): ELU(alpha=1.0)
    (6): Linear(in_features=128, out_features=1, bias=True)
  )
)
joint order: ['fl_hip_joint', 'fl_thigh_joint', 'fl_calf_joint', 'fr_hip_joint', 'fr_thigh_joint', 'fr_calf_joint', 'bl_hip_joint', 'bl_thigh_joint', 'bl_calf_joint', 'br_hip_joint', 'br_thigh_joint', 'br_calf_joint']
foot sites: ['fl', 'fr', 'bl', 'br'] -> ids [1, 2, 3, 4]

== v20/fwd_006 cmd=(+0.06, wz +0.00) clean 32/32 falls 0
  vx_ach +0.046  wz_ach -0.002  front Fz share 0.567  f0 2.50 Hz
  duty ['0.66', '0.65', '0.67', '0.69']  stride_hz ['2.51', '2.51', '2.74', '2.77']
  GRFx stance ['+0.250', '+0.215', '-0.228', '-0.286']  slip ['0.018', '0.017', '0.016', '0.019']
  fric p95 ['1.07', '1.16', '1.14', '1.16']  foot_z exc ['0.006', '0.006', '0.003', '0.003']
  phase fl_br -0.005 (R 0.95)  fl_fr +0.500 (R 0.98)  fr_bl -0.006 (R 0.97)

== v20/fwd_010 cmd=(+0.10, wz +0.00) clean 32/32 falls 0
  vx_ach +0.087  wz_ach -0.006  front Fz share 0.575  f0 2.50 Hz
  duty ['0.63', '0.63', '0.63', '0.64']  stride_hz ['2.54', '2.55', '2.90', '2.84']
  GRFx stance ['+0.331', '+0.108', '-0.227', '-0.302']  slip ['0.017', '0.019', '0.020', '0.023']
  fric p95 ['1.05', '1.08', '1.16', '1.22']  foot_z exc ['0.008', '0.008', '0.004', '0.004']
  phase fl_br +0.014 (R 0.96)  fl_fr -0.495 (R 0.99)  fr_bl +0.006 (R 0.97)

== v20/fwd_015 cmd=(+0.15, wz +0.00) clean 32/32 falls 0
  vx_ach +0.136  wz_ach -0.009  front Fz share 0.584  f0 2.50 Hz
  duty ['0.61', '0.60', '0.60', '0.61']  stride_hz ['2.51', '2.57', '3.19', '2.94']
  GRFx stance ['+0.306', '+0.231', '-0.340', '-0.399']  slip ['0.021', '0.020', '0.029', '0.031']
  fric p95 ['1.10', '1.07', '1.18', '1.18']  foot_z exc ['0.010', '0.010', '0.005', '0.005']
  phase fl_br +0.012 (R 0.96)  fl_fr -0.500 (R 0.99)  fr_bl +0.016 (R 0.97)

== v20/fwd_030 cmd=(+0.30, wz +0.00) clean 32/32 falls 0
  vx_ach +0.278  wz_ach -0.013  front Fz share 0.611  f0 2.50 Hz
  duty ['0.56', '0.57', '0.51', '0.51']  stride_hz ['2.88', '2.78', '3.83', '4.06']
  GRFx stance ['+0.321', '+0.319', '-0.486', '-0.562']  slip ['0.029', '0.028', '0.069', '0.073']
  fric p95 ['1.06', '1.05', '1.22', '1.27']  foot_z exc ['0.015', '0.014', '0.008', '0.008']
  phase fl_br +0.018 (R 0.97)  fl_fr +0.498 (R 0.99)  fr_bl +0.019 (R 0.98)

== v20/fwd_040 cmd=(+0.40, wz +0.00) clean 32/32 falls 0
  vx_ach +0.358  wz_ach -0.003  front Fz share 0.613  f0 2.50 Hz
  duty ['0.54', '0.55', '0.47', '0.47']  stride_hz ['3.14', '3.15', '4.02', '4.04']
  GRFx stance ['+0.320', '+0.217', '-0.403', '-0.449']  slip ['0.041', '0.039', '0.083', '0.082']
  fric p95 ['1.06', '1.08', '1.27', '1.27']  foot_z exc ['0.016', '0.017', '0.009', '0.009']
  phase fl_br +0.007 (R 0.99)  fl_fr -0.498 (R 0.99)  fr_bl +0.006 (R 0.99)

== v20/back_010 cmd=(-0.10, wz +0.00) clean 32/32 falls 0
  vx_ach -0.090  wz_ach +0.004  front Fz share 0.601  f0 2.50 Hz
  duty ['0.74', '0.74', '0.59', '0.59']  stride_hz ['3.48', '3.08', '2.79', '2.78']
  GRFx stance ['+0.341', '+0.366', '-0.333', '-0.400']  slip ['0.040', '0.038', '0.020', '0.023']
  fric p95 ['1.22', '1.30', '1.16', '1.12']  foot_z exc ['0.002', '0.003', '0.005', '0.005']
  phase fl_br +0.005 (R 0.97)  fl_fr -0.498 (R 0.96)  fr_bl +0.001 (R 0.95)

== v20/turn_015_08 cmd=(+0.15, wz +0.80) clean 32/32 falls 0
  vx_ach +0.132  wz_ach +0.825  front Fz share 0.590  f0 2.50 Hz
  duty ['0.60', '0.59', '0.66', '0.55']  stride_hz ['2.56', '2.73', '3.90', '3.11']
  GRFx stance ['-0.114', '+0.522', '-0.648', '+0.011']  slip ['0.021', '0.027', '0.041', '0.032']
  fric p95 ['1.06', '1.07', '1.25', '1.20']  foot_z exc ['0.011', '0.012', '0.003', '0.007']
  phase fl_br +0.012 (R 0.97)  fl_fr -0.487 (R 0.99)  fr_bl -0.014 (R 0.98)

wrote autopsy_v20_v1/v20_summary.json
