# task=XGOLite-V21A ckpt=logs/rsl_rl/xgolite_v21a/2026-07-17_16-17-54_v21a_ns1ext2/model_4998.pt obs=control zero_actions=False
/home/dvv/dev/bots/Quadruped-robot/.venv/lib/python3.13/site-packages/mjlab/entity/entity.py:154: UserWarning: Actuator config matched 12 joint(s) but the same expressions also match 5 site(s): imu, fl, fr, bl, br. Add a separate config with transmission_type=TransmissionType.SITE if those should be actuated too.
  self._add_actuators()
Warp 1.15.0 initialized:
   CUDA Toolkit 12.9, Driver 13.3
   Devices:
     "cpu"      : "CPU"
     "cuda:0"   : "NVIDIA GeForce RTX 5090" (31 GiB, sm_120, mempool enabled)
   Kernel cache:
     /home/dvv/.cache/warp/1.15.0
Module mujoco_warp._src.smooth 91c07ed load on device 'cuda:0' took 2.19 ms  (cached)
Module _nxn_broadphase__locals__kernel_cd21dc9b cd21dc9 load on device 'cuda:0' took 0.27 ms  (cached)
Module _primitive_narrowphase__locals__primitive_narrowphase_2740b76e 2740b76 load on device 'cuda:0' took 0.44 ms  (cached)
Module mujoco_warp._src.constraint 36c8060 load on device 'cuda:0' took 0.20 ms  (cached)
Module _friction_dof__locals__kernel_0cd98302 0cd9830 load on device 'cuda:0' took 0.28 ms  (cached)
Module _limit_slide_hinge__locals__kernel_7e77232e 7e77232 load on device 'cuda:0' took 0.28 ms  (cached)
Module _efc_contact_init__locals__kernel_c85ef7c6 c85ef7c load on device 'cuda:0' took 0.25 ms  (cached)
Module _efc_contact_jac_dense__locals__kernel_5d1b69cd d78407b load on device 'cuda:0' took 0.29 ms  (cached)
Module _efc_contact_update__locals__kernel_2d2d1a29 2d2d1a2 load on device 'cuda:0' took 0.29 ms  (cached)
Module mujoco_warp._src.sensor de892d8 load on device 'cuda:0' took 1.44 ms  (cached)
Module mujoco_warp._src.forward 35ed569 load on device 'cuda:0' took 0.70 ms  (cached)
Module mujoco_warp._src.passive d8c18c6 load on device 'cuda:0' took 0.82 ms  (cached)
Module mujoco_warp._src.forward ea2bb44 load on device 'cuda:0' took 0.70 ms  (cached)
Module _qfrc_smooth__locals__kernel_3ac7164a 3ac7164 load on device 'cuda:0' took 0.22 ms  (cached)
Module mujoco_warp._src.support ca784c5 load on device 'cuda:0' took 0.26 ms  (cached)
Module _tile_cholesky_factorize_solve_block__locals__kernel_68b4ecc8 a76d05b load on device 'cuda:0' took 18.93 ms  (cached)
Module mujoco_warp._src.solver 85325a6 load on device 'cuda:0' took 1.23 ms  (cached)
Module _solve_init_jaref_kernel__locals__kernel_6f1e1c1b 6f1e1c1 load on device 'cuda:0' took 0.24 ms  (cached)
Module mul_m_kernel__locals___mul_m_4f80c25f 4f80c25 load on device 'cuda:0' took 0.25 ms  (cached)
Module _update_constraint_efc__locals__kernel_7b921a6e 7b921a6 load on device 'cuda:0' took 0.25 ms  (cached)
Module _update_constraint_init_qfrc_constraint_dense__locals__kernel_87c13c1d 87c13c1 load on device 'cuda:0' took 0.25 ms  (cached)
Module _update_gradient_zero_grad_dot__locals__kernel_f3cbc379 f3cbc37 load on device 'cuda:0' took 0.22 ms  (cached)
Module _update_gradient_grad__locals__kernel_9e296ebd 9e296eb load on device 'cuda:0' took 0.23 ms  (cached)
Module _update_gradient_JTDAJ_dense_tiled__locals__kernel_9e698273 01a542f load on device 'cuda:0' took 0.51 ms  (cached)
Module _update_gradient_cholesky__locals__kernel_ddf4fe16 62431c4 load on device 'cuda:0' took 20.61 ms  (cached)
Module _linesearch_iterative_kernel__locals__kernel_7e52c8ed 4ad8c79 load on device 'cuda:0' took 0.41 ms  (cached)
Module _update_constraint_efc__locals__kernel_ddea4c95 ddea4c9 load on device 'cuda:0' took 0.27 ms  (cached)
Module _update_constraint_init_qfrc_constraint_dense__locals__kernel_f58289d3 f58289d load on device 'cuda:0' took 0.26 ms  (cached)
Module _update_gradient_zero_grad_dot__locals__kernel_59268b1c 59268b1 load on device 'cuda:0' took 0.23 ms  (cached)
Module _update_gradient_grad__locals__kernel_af49475a af49475 load on device 'cuda:0' took 0.24 ms  (cached)
Module _update_gradient_cholesky__locals__kernel_2fd9087e 00302cd load on device 'cuda:0' took 21.08 ms  (cached)
Module _solve_zero_search_dot__locals__kernel_410982cb 410982c load on device 'cuda:0' took 0.24 ms  (cached)
Module _solve_search_update__locals__kernel_63d81555 63d8155 load on device 'cuda:0' took 0.25 ms  (cached)
Module _contact_sort__locals__contact_sort_8d950af1 a76bf05 load on device 'cuda:0' took 0.27 ms  (cached)
Module mujoco_warp._src.derivative 833f5d0 load on device 'cuda:0' took 0.60 ms  (cached)
Module _next_time_builder__locals___next_time_8c8bbcbc 8c8bbcb load on device 'cuda:0' took 0.30 ms  (cached)
Module reset_data__locals__reset_xfrc_applied_aec370af aec370a load on device 'cuda:0' took 0.24 ms  (cached)
Module reset_data__locals__reset_M_96396a8d 96396a8 load on device 'cuda:0' took 0.21 ms  (cached)
Module reset_data__locals__reset_mocap_b321694c b321694 load on device 'cuda:0' took 0.21 ms  (cached)
Module reset_data__locals__reset_contact_88cd7446 88cd744 load on device 'cuda:0' took 0.22 ms  (cached)
Module reset_data__locals__reset_sleep_1c5b28e7 1c5b28e load on device 'cuda:0' took 0.20 ms  (cached)
Module reset_data__locals__reset_nworld_1ba8fb6e 1ba8fb6 load on device 'cuda:0' took 0.27 ms  (cached)

+---------------------------------+
|         Base Environment        |
+------------------------+--------+
| Property               | Value  |
+------------------------+--------+
| Number of environments | 256    |
| Environment device     | cuda:0 |
| Environment seed       | None   |
| Physics step-size      | 0.002  |
| Environment step-size  | 0.02   |
+------------------------+--------+

[INFO] <EventManager> contains 4 active terms.
+-------------------------------------+
| Active Event Terms in Mode: 'reset' |
+--------+----------------------------+
| Index  | Name                       |
+--------+----------------------------+
|   0    | reset_base                 |
|   1    | reset_robot_joints         |
+--------+----------------------------+
+----------------------------------------------+
|    Active Event Terms in Mode: 'interval'    |
+-------+------------+-------------------------+
| Index | Name       | Interval time range (s) |
+-------+------------+-------------------------+
|   0   | push_robot |        (5.0, 6.0)       |
+-------+------------+-------------------------+
+---------------------------------------+
| Active Event Terms in Mode: 'startup' |
+---------+-----------------------------+
|  Index  | Name                        |
+---------+-----------------------------+
|    0    | foot_friction               |
|    1    | encoder_bias                |
|    2    | base_com                    |
|    3    | actuator_strength           |
+---------+-----------------------------+
+------------------------------------+
| Active Event Terms in Mode: 'step' |
+--------+---------------------------+
| Index  | Name                      |
+--------+---------------------------+
|   0    | torque_speed_clamp        |
+--------+---------------------------+
+-----------------------------+
| Domain Randomization Fields |
+-------+---------------------+
| Index | Field Name          |
+-------+---------------------+
|   0   | geom_friction       |
|   1   | body_ipos           |
|   2   | body_subtreemass    |
|   3   | dof_invweight0      |
|   4   | body_invweight0     |
|   5   | tendon_length0      |
|   6   | tendon_invweight0   |
|   7   | actuator_gainprm    |
|   8   | actuator_biasprm    |
|   9   | actuator_forcerange |
|   10  | actuator_acc0       |
+-------+---------------------+

Module repeat_array_kernel_f3ffbc3f f56645b load on device 'cuda:0' took 0.33 ms  (cached)
Module repeat_array_kernel_f3ffbc3f 43f7a6f load on device 'cuda:0' took 0.29 ms  (cached)
Module repeat_array_kernel_f3ffbc3f a5b1dbd load on device 'cuda:0' took 0.30 ms  (cached)
Module repeat_array_kernel_f3ffbc3f 4a3be84 load on device 'cuda:0' took 0.32 ms  (cached)
[INFO] <CommandManager> contains 1 active terms.
+----------------------------------------+
|          Active Command Terms          |
+-------+-------+------------------------+
| Index | Name  |          Type          |
+-------+-------+------------------------+
|   0   | twist | UniformVelocityCommand |
+-------+-------+------------------------+

[INFO] <ActionManager> contains 1 active terms.
+---------------------------------+
| Active Action Terms (shape: 12) |
+-------+-----------+-------------+
| Index | Name      |   Dimension |
+-------+-----------+-------------+
|   0   | joint_pos |          12 |
+-------+-----------+-------------+

[INFO] <ObservationManager> contains 2 groups.
+------------------------------------------------------------+
| Active Observation Terms in Group: 'actor' (shape: (245,)) |
+--------+-------------------------+-------------------------+
| Index  | Name                    |          Shape          |
+--------+-------------------------+-------------------------+
|   0    | base_ang_vel            |     (15,)  ← 5×(3,)     |
|   1    | projected_gravity       |     (15,)  ← 5×(3,)     |
|   2    | command                 |     (25,)  ← 5×(5,)     |
|   3    | phase                   |     (10,)  ← 5×(2,)     |
|   4    | joint_pos               |     (60,)  ← 5×(12,)    |
|   5    | joint_vel               |     (60,)  ← 5×(12,)    |
|   6    | actions                 |     (60,)  ← 5×(12,)    |
+--------+-------------------------+-------------------------+
+------------------------------------------------------------+
| Active Observation Terms in Group: 'critic' (shape: (76,)) |
+--------+--------------------------+------------------------+
| Index  | Name                     |         Shape          |
+--------+--------------------------+------------------------+
|   0    | base_ang_vel             |     (3,)  ← 1×(3,)     |
|   1    | projected_gravity        |     (3,)  ← 1×(3,)     |
|   2    | command                  |     (5,)  ← 1×(5,)     |
|   3    | phase                    |     (2,)  ← 1×(2,)     |
|   4    | joint_pos                |    (12,)  ← 1×(12,)    |
|   5    | joint_vel                |    (12,)  ← 1×(12,)    |
|   6    | actions                  |    (12,)  ← 1×(12,)    |
|   7    | base_lin_vel             |     (3,)  ← 1×(3,)     |
|   8    | foot_height              |     (4,)  ← 1×(4,)     |
|   9    | foot_air_time            |     (4,)  ← 1×(4,)     |
|   10   | foot_contact             |     (4,)  ← 1×(4,)     |
|   11   | foot_contact_forces      |    (12,)  ← 1×(12,)    |
+--------+--------------------------+------------------------+

[INFO] <TerminationManager> contains 3 active terms.
+------------------------------------+
|      Active Termination Terms      |
+-------+-----------------+----------+
| Index | Name            | Time Out |
+-------+-----------------+----------+
|   0   | time_out        |   True   |
|   1   | fell_over       |  False   |
|   2   | illegal_contact |  False   |
+-------+-----------------+----------+

[INFO] <RewardManager> contains 22 active terms.
+-------------------------------------------+
|            Active Reward Terms            |
+-------+------------------------+----------+
| Index | Name                   |   Weight |
+-------+------------------------+----------+
|   0   | track_linear_velocity  |      1.5 |
|   1   | track_angular_velocity |      1.5 |
|   2   | body_orientation_l2    |     -1.0 |
|   3   | pose                   |      1.0 |
|   4   | body_ang_vel           |    -0.08 |
|   5   | angular_momentum       |    -0.03 |
|   6   | is_terminated          |   -200.0 |
|   7   | joint_acc_l2           | -2.5e-07 |
|   8   | joint_pos_limits       |    -10.0 |
|   9   | action_rate_l2         |     -0.5 |
|   10  | foot_clearance         |       -3 |
|   11  | foot_slip              |    -0.15 |
|   12  | soft_landing           |   -0.001 |
|   13  | stand_still            |     -1.0 |
|   14  | track_yaw_zero         |      0.5 |
|   15  | nonfoot_contact        |       -3 |
|   16  | track_body_pitch       |      1.0 |
|   17  | track_base_height      |      1.0 |
|   18  | track_lateral_velocity |      0.5 |
|   19  | gait_contact           |      0.7 |
|   20  | gait_symmetry          |      0.3 |
|   21  | feet_air_time          |      0.1 |
+-------+------------------------+----------+

[INFO] <CurriculumManager> contains 1 active terms.
+-------------------------+
| Active Curriculum Terms |
+-------+-----------------+
| Index | Name            |
+-------+-----------------+
|   0   | command_grid    |
+-------+-----------------+

[INFO] <MetricsManager> contains 1 active terms.
+-------------------------+
|   Active Metrics Terms  |
+-------+-----------------+
| Index | Name            |
+-------+-----------------+
|   0   | mean_action_acc |
+-------+-----------------+

[INFO] <NullRecorderManager> (inactive)
Module mujoco_warp._src.io 466491b load on device 'cuda:0' took 1.30 ms  (cached)
Module _tile_cholesky_factorize_block__locals__kernel_fa388143 0201c7b load on device 'cuda:0' took 15.40 ms  (cached)
Module _tile_cholesky_solve_block__locals__kernel_2d57800b bf36a3f load on device 'cuda:0' took 14.47 ms  (cached)
--------------------------------------------------------------------------------
Resolved observation sets: 
	 actor :  ('actor',)
	 critic :  ('critic',)
--------------------------------------------------------------------------------
Actor Model: MLPModel(
  (obs_normalizer): EmpiricalNormalization()
  (distribution): GaussianDistribution()
  (mlp): MLP(
    (0): Linear(in_features=245, out_features=512, bias=True)
    (1): ELU(alpha=1.0)
    (2): Linear(in_features=512, out_features=256, bias=True)
    (3): ELU(alpha=1.0)
    (4): Linear(in_features=256, out_features=128, bias=True)
    (5): ELU(alpha=1.0)
    (6): Linear(in_features=128, out_features=12, bias=True)
  )
)
Critic Model: MLPModel(
  (obs_normalizer): EmpiricalNormalization()
  (mlp): MLP(
    (0): Linear(in_features=76, out_features=512, bias=True)
    (1): ELU(alpha=1.0)
    (2): Linear(in_features=512, out_features=256, bias=True)
    (3): ELU(alpha=1.0)
    (4): Linear(in_features=256, out_features=128, bias=True)
    (5): ELU(alpha=1.0)
    (6): Linear(in_features=128, out_features=1, bias=True)
  )
)
[asis        ] stand     cmd=(+0.00,+0.00,+0.00) track_lin 0.981 track_ang 0.975 err_xy 0.007 err_yaw 0.018 ach_vx -0.000 ach_wz +0.001 falls 0 | dither probe: wz inst-RMS 0.037 vs fd-RMS 0.039; vxy inst-RMS 0.031 vs fd-RMS 0.034
[asis        ] fwd_slow  cmd=(+0.08,+0.00,+0.00) track_lin 0.852 track_ang 0.636 err_xy 0.035 err_yaw 0.111 ach_vx +0.069 ach_wz +0.016 falls 0
[asis        ] fwd       cmd=(+0.20,+0.00,+0.00) track_lin 0.743 track_ang 0.520 err_xy 0.049 err_yaw 0.145 ach_vx +0.177 ach_wz -0.005 falls 4
[asis        ] back      cmd=(-0.10,+0.00,+0.00) track_lin 0.836 track_ang 0.698 err_xy 0.037 err_yaw 0.101 ach_vx -0.074 ach_wz +0.019 falls 0
[asis        ] ccw_slow  cmd=(+0.00,+0.00,+0.40) track_lin 0.908 track_ang 0.785 err_xy 0.025 err_yaw 0.150 ach_vx +0.001 ach_wz +0.337 falls 0
[asis        ] NATURAL-determ: lin mean 0.806 p90 0.884 max 0.956 | ang mean 0.713 p90 0.822 max 0.935 | min-mean 0.712 (~seed_tracking) | pass(0.7, 0.55) 0.9020 (153 envs)
[asis        ] NATURAL-stoch : lin mean 0.639 p90 0.710 max 0.773 | ang mean 0.445 p90 0.516 max 0.610 | min-mean 0.445 (~seed_tracking) | pass(0.7, 0.55) 0.0000 (145 envs)
    action noise std (mean over dims): 0.132
